2025-08-09 13:30:04,439 - INFO - 🧠 Intelligent AI Processor initialized with provider: simple_trigger
2025-08-09 13:30:04,445 - INFO - 🤖 Coder agent initialized
2025-08-09 13:30:04,445 - INFO - 🤖 Reviewer agent initialized
2025-08-09 13:30:04,445 - INFO - 🤖 Documenter agent initialized
2025-08-09 13:30:04,445 - INFO - 🤖 Tester agent initialized
2025-08-09 13:30:04,445 - INFO - 🤖 Architect agent initialized
2025-08-09 13:30:04,445 - INFO - 🤖 Optimizer agent initialized
2025-08-09 13:30:04,445 - INFO - 🎯 Multi-AI Coordination System initialized
2025-08-09 13:30:04,446 - INFO - 👥 Active agents: [<AgentRole.CODER: 'coder'>, <AgentRole.REVIEWER: 'reviewer'>, <AgentRole.DOCUMENTER: 'documenter'>, <AgentRole.TESTER: 'tester'>, <AgentRole.ARCHITECT: 'architect'>, <AgentRole.OPTIMIZER: 'optimizer'>]
2025-08-09 13:30:04,452 - INFO - 🧠 Semantic Understanding Engine initialized
2025-08-09 13:30:04,465 - INFO - 🔄 Self-Improving System initialized
2025-08-09 13:30:04,472 - INFO - 🔄 Homoiconic System initialized
2025-08-09 13:30:04,473 - INFO - 💾 Code-as-data environment ready
2025-08-09 13:30:04,479 - INFO - 🔄 Recursive Self-Modification System initialized
2025-08-09 13:30:04,479 - INFO - 🧬 AI can now write and execute new AI code
2025-08-09 13:30:04,497 - INFO - 🧠 Loaded 0 recent memories
2025-08-09 13:30:04,497 - INFO - 💾 Memory database initialized
2025-08-09 13:30:04,497 - INFO - 🧠 Persistent Memory System initialized
2025-08-09 13:30:04,497 - INFO - 💾 Memory database: revolutionary_memory.db
2025-08-09 13:30:04,497 - INFO - 🔍 Session: session_1754764204
2025-08-09 13:30:04,504 - INFO - 👁️ Consciousness Detection System initialized
2025-08-09 13:30:04,504 - INFO - 🧠 Monitoring for signs of emergent self-awareness
2025-08-09 13:30:04,512 - INFO - 🎓 Meta-Learning System initialized
2025-08-09 13:30:04,512 - INFO - 🧠 Learning how to learn more effectively
2025-08-09 13:30:04,521 - INFO - 💤 Dream State Processor initialized
2025-08-09 13:30:04,521 - INFO - 🌙 Ready for autonomous development while user sleeps
2025-08-09 13:30:04,522 - INFO - 🎼 Master Orchestrator initialized
2025-08-09 13:30:04,522 - INFO - 🔧 Managing 10 revolutionary systems
2025-08-09 13:30:04,526 - INFO - 🎯 AI Tutorial Performer initialized
2025-08-09 13:30:04,526 - INFO - 🧠 Ready to demonstrate AI learning Emacs from scratch
