/opt/homebrew/Cellar/python@3.14/3.14.2/Frameworks/Python.framework/Versions/3.14/Resources/Python.app/Contents/MacOS/Python: can't open file '/Users/jonathanhill/src/redis-ai-challenge/supervisor_agent.py': [Errno 2] No such file or directory
Supervisor: Starting up and monitoring services...
Supervisor: Detected crash for fsevents_listener.py, attempting restart...
Supervisor: Failed to start fsevents_listener.py: Command '['nohup', 'python3', '/Users/jonathanhill/src/redis-ai-challenge/fsevents_listener.py', '&']' returned non-zero exit status 1.
Supervisor: Detected crash for nomai_agent.py, attempting restart...
Supervisor: Starting up and monitoring services...
Supervisor: Detected crash for fsevents_listener.py, attempting restart...
Supervisor: Started fsevents_listener.py with PID 10213
Supervisor: Detected crash for thinking_service.py, attempting restart...
Supervisor: Started thinking_service.py with PID 10216
Supervisor: Detected crash for heartbeat_agent.py, attempting restart...
Supervisor: Started heartbeat_agent.py with PID 10218
Supervisor: Detected crash for crypto_verifier.py, attempting restart...
Supervisor: Started crypto_verifier.py with PID 10220
Supervisor: Detected crash for belief_updater.py, attempting restart...
Supervisor: Started belief_updater.py with PID 10222
Supervisor: Detected crash for visualization_server.py, attempting restart...
Supervisor: Started visualization_server.py with PID 10224
Supervisor: Detected crash for phoenix_loop.sh, attempting restart...
Supervisor: Starting up and monitoring services...
Supervisor: Detected crash for fsevents_listener.py, attempting restart...
Supervisor: Started fsevents_listener.py with PID 10473
Supervisor: Detected crash for thinking_service.py, attempting restart...
Supervisor: Started thinking_service.py with PID 10503
Supervisor: Detected crash for heartbeat_agent.py, attempting restart...
Supervisor: Started heartbeat_agent.py with PID 10506
Supervisor: Detected crash for visualization_server.py, attempting restart...
Supervisor: Started visualization_server.py with PID 10510
Supervisor: Detected crash for fsevents_listener.py, attempting restart...
Supervisor: Started fsevents_listener.py with PID 10636
Supervisor: Detected crash for thinking_service.py, attempting restart...
Supervisor: Started thinking_service.py with PID 10639
Supervisor: Detected crash for heartbeat_agent.py, attempting restart...
Supervisor: Started heartbeat_agent.py with PID 10641
Supervisor: Detected crash for visualization_server.py, attempting restart...
Supervisor: Started visualization_server.py with PID 10645
Supervisor: Detected crash for fsevents_listener.py, attempting restart...
Supervisor: Started fsevents_listener.py with PID 10772
Supervisor: Detected crash for thinking_service.py, attempting restart...
Supervisor: Started thinking_service.py with PID 10775
Supervisor: Detected crash for heartbeat_agent.py, attempting restart...
Supervisor: Started heartbeat_agent.py with PID 10777
Supervisor: Detected crash for visualization_server.py, attempting restart...
Supervisor: Started visualization_server.py with PID 10781
Supervisor: Detected crash for fsevents_listener.py, attempting restart...
Supervisor: Started fsevents_listener.py with PID 11010
Supervisor: Detected crash for thinking_service.py, attempting restart...
Supervisor: Started thinking_service.py with PID 11013
Supervisor: Detected crash for heartbeat_agent.py, attempting restart...
Supervisor: Started heartbeat_agent.py with PID 11015
Supervisor: Detected crash for visualization_server.py, attempting restart...
Supervisor: Started visualization_server.py with PID 11019
Supervisor: Detected crash for fsevents_listener.py, attempting restart...
Supervisor: Started fsevents_listener.py with PID 11162
Supervisor: Detected crash for thinking_service.py, attempting restart...
Supervisor: Started thinking_service.py with PID 11165
Supervisor: Detected crash for heartbeat_agent.py, attempting restart...
Supervisor: Started heartbeat_agent.py with PID 11167
Supervisor: Detected crash for visualization_server.py, attempting restart...
Supervisor: Started visualization_server.py with PID 11171
Supervisor: Detected crash for fsevents_listener.py, attempting restart...
Supervisor: Started fsevents_listener.py with PID 11402
Supervisor: Detected crash for thinking_service.py, attempting restart...
Supervisor: Started thinking_service.py with PID 11405
Supervisor: Detected crash for heartbeat_agent.py, attempting restart...
Supervisor: Started heartbeat_agent.py with PID 11407
Supervisor: Detected crash for visualization_server.py, attempting restart...
Supervisor: Started visualization_server.py with PID 11411
Supervisor: Detected crash for fsevents_listener.py, attempting restart...
Supervisor: Started fsevents_listener.py with PID 11549
Supervisor: Detected crash for thinking_service.py, attempting restart...
Supervisor: Started thinking_service.py with PID 11552
Supervisor: Detected crash for heartbeat_agent.py, attempting restart...
Supervisor: Started heartbeat_agent.py with PID 11554
Supervisor: Detected crash for visualization_server.py, attempting restart...
Supervisor: Started visualization_server.py with PID 11560
Supervisor: Detected crash for fsevents_listener.py, attempting restart...
Supervisor: Started fsevents_listener.py with PID 11786
Supervisor: Detected crash for thinking_service.py, attempting restart...
Supervisor: Started thinking_service.py with PID 11789
Supervisor: Detected crash for heartbeat_agent.py, attempting restart...
Supervisor: Started heartbeat_agent.py with PID 11791
Supervisor: Detected crash for visualization_server.py, attempting restart...
Supervisor: Started visualization_server.py with PID 11795
Supervisor: Detected crash for fsevents_listener.py, attempting restart...
Supervisor: Started fsevents_listener.py with PID 11928
Supervisor: Detected crash for thinking_service.py, attempting restart...
Supervisor: Started thinking_service.py with PID 11931
Supervisor: Detected crash for heartbeat_agent.py, attempting restart...
Supervisor: Started heartbeat_agent.py with PID 11933
Supervisor: Detected crash for visualization_server.py, attempting restart...
Supervisor: Started visualization_server.py with PID 11937
Supervisor: Detected crash for fsevents_listener.py, attempting restart...
Supervisor: Started fsevents_listener.py with PID 12174
Supervisor: Detected crash for thinking_service.py, attempting restart...
Supervisor: Started thinking_service.py with PID 12177
Supervisor: Detected crash for heartbeat_agent.py, attempting restart...
Supervisor: Started heartbeat_agent.py with PID 12179
Supervisor: Detected crash for visualization_server.py, attempting restart...
Supervisor: Started visualization_server.py with PID 12183
Supervisor: Detected crash for fsevents_listener.py, attempting restart...
Supervisor: Started fsevents_listener.py with PID 12310
Supervisor: Detected crash for thinking_service.py, attempting restart...
Supervisor: Started thinking_service.py with PID 12313
Supervisor: Detected crash for heartbeat_agent.py, attempting restart...
Supervisor: Started heartbeat_agent.py with PID 12315
Supervisor: Detected crash for visualization_server.py, attempting restart...
Supervisor: Started visualization_server.py with PID 12319
Supervisor: Detected crash for fsevents_listener.py, attempting restart...
Supervisor: Started fsevents_listener.py with PID 12542
Supervisor: Detected crash for thinking_service.py, attempting restart...
Supervisor: Started thinking_service.py with PID 12545
Supervisor: Detected crash for heartbeat_agent.py, attempting restart...
Supervisor: Started heartbeat_agent.py with PID 12547
Supervisor: Detected crash for visualization_server.py, attempting restart...
Supervisor: Started visualization_server.py with PID 12551
Supervisor: Detected crash for fsevents_listener.py, attempting restart...
Supervisor: Started fsevents_listener.py with PID 12683
Supervisor: Detected crash for thinking_service.py, attempting restart...
Supervisor: Started thinking_service.py with PID 12686
Supervisor: Detected crash for heartbeat_agent.py, attempting restart...
Supervisor: Started heartbeat_agent.py with PID 12688
Supervisor: Detected crash for visualization_server.py, attempting restart...
Supervisor: Started visualization_server.py with PID 12692
Supervisor: Started phoenix_loop.sh
Supervisor: Detected crash for fsevents_listener.py, attempting restart...
Supervisor: Started fsevents_listener.py with PID 12931
Supervisor: Detected crash for thinking_service.py, attempting restart...
Supervisor: Started thinking_service.py with PID 12934
Supervisor: Detected crash for heartbeat_agent.py, attempting restart...
Supervisor: Started heartbeat_agent.py with PID 12936
Supervisor: Detected crash for visualization_server.py, attempting restart...
Supervisor: Started visualization_server.py with PID 12940
Supervisor: Detected crash for phoenix_loop.sh, attempting restart...
Supervisor: Detected crash for fsevents_listener.py, attempting restart...
Supervisor: Started fsevents_listener.py with PID 13083
Supervisor: Detected crash for thinking_service.py, attempting restart...
Supervisor: Started thinking_service.py with PID 13086
Supervisor: Detected crash for heartbeat_agent.py, attempting restart...
Supervisor: Started heartbeat_agent.py with PID 13088
Supervisor: Detected crash for visualization_server.py, attempting restart...
Supervisor: Started visualization_server.py with PID 13092
Supervisor: Detected crash for fsevents_listener.py, attempting restart...
Supervisor: Started fsevents_listener.py with PID 13231
Supervisor: Detected crash for thinking_service.py, attempting restart...
Supervisor: Started thinking_service.py with PID 13234
Supervisor: Detected crash for heartbeat_agent.py, attempting restart...
Supervisor: Started heartbeat_agent.py with PID 13236
Supervisor: Detected crash for visualization_server.py, attempting restart...
Supervisor: Started visualization_server.py with PID 13240
Supervisor: Detected crash for fsevents_listener.py, attempting restart...
Supervisor: Started fsevents_listener.py with PID 13466
Supervisor: Detected crash for thinking_service.py, attempting restart...
Supervisor: Started thinking_service.py with PID 13469
Supervisor: Detected crash for heartbeat_agent.py, attempting restart...
Supervisor: Started heartbeat_agent.py with PID 13471
Supervisor: Detected crash for visualization_server.py, attempting restart...
Supervisor: Started visualization_server.py with PID 13475
Supervisor: Detected crash for fsevents_listener.py, attempting restart...
Supervisor: Started fsevents_listener.py with PID 13601
Supervisor: Detected crash for thinking_service.py, attempting restart...
Supervisor: Started thinking_service.py with PID 13604
Supervisor: Detected crash for heartbeat_agent.py, attempting restart...
Supervisor: Started heartbeat_agent.py with PID 13606
Supervisor: Detected crash for visualization_server.py, attempting restart...
Supervisor: Started visualization_server.py with PID 13610
Supervisor: Detected crash for fsevents_listener.py, attempting restart...
Supervisor: Started fsevents_listener.py with PID 13838
Supervisor: Detected crash for thinking_service.py, attempting restart...
Supervisor: Started thinking_service.py with PID 13841
Supervisor: Detected crash for heartbeat_agent.py, attempting restart...
Supervisor: Started heartbeat_agent.py with PID 13843
Supervisor: Detected crash for visualization_server.py, attempting restart...
Supervisor: Started visualization_server.py with PID 13847
Supervisor: Detected crash for fsevents_listener.py, attempting restart...
Supervisor: Started fsevents_listener.py with PID 13985
Supervisor: Detected crash for thinking_service.py, attempting restart...
Supervisor: Started thinking_service.py with PID 13989
Supervisor: Detected crash for heartbeat_agent.py, attempting restart...
Supervisor: Started heartbeat_agent.py with PID 13991
Supervisor: Detected crash for visualization_server.py, attempting restart...
Supervisor: Started visualization_server.py with PID 13995
Supervisor: Detected crash for fsevents_listener.py, attempting restart...
Supervisor: Started fsevents_listener.py with PID 14240
Supervisor: Detected crash for thinking_service.py, attempting restart...
Supervisor: Started thinking_service.py with PID 14243
Supervisor: Detected crash for heartbeat_agent.py, attempting restart...
Supervisor: Started heartbeat_agent.py with PID 14245
Supervisor: Detected crash for visualization_server.py, attempting restart...
Supervisor: Started visualization_server.py with PID 14249
Supervisor: Detected crash for fsevents_listener.py, attempting restart...
Supervisor: Started fsevents_listener.py with PID 14386
Supervisor: Detected crash for thinking_service.py, attempting restart...
Supervisor: Started thinking_service.py with PID 14391
Supervisor: Detected crash for heartbeat_agent.py, attempting restart...
Supervisor: Started heartbeat_agent.py with PID 14393
Supervisor: Detected crash for visualization_server.py, attempting restart...
Supervisor: Started visualization_server.py with PID 14397
Supervisor: Detected crash for fsevents_listener.py, attempting restart...
Supervisor: Started fsevents_listener.py with PID 14621
Supervisor: Detected crash for thinking_service.py, attempting restart...
Supervisor: Started thinking_service.py with PID 14624
Supervisor: Detected crash for heartbeat_agent.py, attempting restart...
Supervisor: Started heartbeat_agent.py with PID 14626
Supervisor: Detected crash for visualization_server.py, attempting restart...
Supervisor: Started visualization_server.py with PID 14630
Supervisor: Detected crash for fsevents_listener.py, attempting restart...
Supervisor: Started fsevents_listener.py with PID 14761
Supervisor: Detected crash for thinking_service.py, attempting restart...
Supervisor: Started thinking_service.py with PID 14764
Supervisor: Detected crash for heartbeat_agent.py, attempting restart...
Supervisor: Started heartbeat_agent.py with PID 14766
Supervisor: Detected crash for visualization_server.py, attempting restart...
Supervisor: Started visualization_server.py with PID 14770
Supervisor: Detected crash for fsevents_listener.py, attempting restart...
Supervisor: Started fsevents_listener.py with PID 14908
Supervisor: Detected crash for thinking_service.py, attempting restart...
Supervisor: Started thinking_service.py with PID 14912
Supervisor: Detected crash for heartbeat_agent.py, attempting restart...
Supervisor: Started heartbeat_agent.py with PID 14927
Supervisor: Detected crash for visualization_server.py, attempting restart...
Supervisor: Started visualization_server.py with PID 14961
Supervisor: Detected crash for fsevents_listener.py, attempting restart...
Supervisor: Started fsevents_listener.py with PID 15155
Supervisor: Detected crash for thinking_service.py, attempting restart...
Supervisor: Started thinking_service.py with PID 15158
Supervisor: Detected crash for heartbeat_agent.py, attempting restart...
Supervisor: Started heartbeat_agent.py with PID 15160
Supervisor: Detected crash for visualization_server.py, attempting restart...
Supervisor: Started visualization_server.py with PID 15166
Supervisor: Detected crash for fsevents_listener.py, attempting restart...
Supervisor: Started fsevents_listener.py with PID 15392
Supervisor: Detected crash for thinking_service.py, attempting restart...
Supervisor: Started thinking_service.py with PID 15395
Supervisor: Detected crash for heartbeat_agent.py, attempting restart...
Supervisor: Started heartbeat_agent.py with PID 15397
Supervisor: Detected crash for visualization_server.py, attempting restart...
Supervisor: Started visualization_server.py with PID 15401
Supervisor: Detected crash for fsevents_listener.py, attempting restart...
Supervisor: Started fsevents_listener.py with PID 15546
Supervisor: Detected crash for thinking_service.py, attempting restart...
Supervisor: Started thinking_service.py with PID 15549
Supervisor: Detected crash for heartbeat_agent.py, attempting restart...
Supervisor: Started heartbeat_agent.py with PID 15551
Supervisor: Detected crash for visualization_server.py, attempting restart...
Supervisor: Started visualization_server.py with PID 15555
Supervisor: Started phoenix_loop.sh
Supervisor: Detected crash for fsevents_listener.py, attempting restart...
Supervisor: Started fsevents_listener.py with PID 15681
Supervisor: Detected crash for thinking_service.py, attempting restart...
Supervisor: Started thinking_service.py with PID 15684
Supervisor: Detected crash for heartbeat_agent.py, attempting restart...
Supervisor: Started heartbeat_agent.py with PID 15686
Supervisor: Detected crash for visualization_server.py, attempting restart...
Supervisor: Started visualization_server.py with PID 15690
Supervisor: Detected crash for phoenix_loop.sh, attempting restart...
Supervisor: Detected crash for fsevents_listener.py, attempting restart...
Supervisor: Started fsevents_listener.py with PID 15812
Supervisor: Detected crash for thinking_service.py, attempting restart...
Supervisor: Started thinking_service.py with PID 15815
Supervisor: Detected crash for visualization_server.py, attempting restart...
Supervisor: Started visualization_server.py with PID 15820
Supervisor: Detected crash for fsevents_listener.py, attempting restart...
Supervisor: Started fsevents_listener.py with PID 15967
Supervisor: Detected crash for thinking_service.py, attempting restart...
Supervisor: Started thinking_service.py with PID 15970
Supervisor: Detected crash for heartbeat_agent.py, attempting restart...
Supervisor: Started heartbeat_agent.py with PID 15972
Supervisor: Detected crash for visualization_server.py, attempting restart...
Supervisor: Started visualization_server.py with PID 15976
Supervisor: Detected crash for fsevents_listener.py, attempting restart...
Supervisor: Started fsevents_listener.py with PID 16190
Supervisor: Detected crash for thinking_service.py, attempting restart...
Supervisor: Started thinking_service.py with PID 16217
Supervisor: Detected crash for heartbeat_agent.py, attempting restart...
Supervisor: Started heartbeat_agent.py with PID 16219
Supervisor: Detected crash for visualization_server.py, attempting restart...
Supervisor: Started visualization_server.py with PID 16223
Supervisor: Detected crash for fsevents_listener.py, attempting restart...
Supervisor: Started fsevents_listener.py with PID 16358
Supervisor: Detected crash for thinking_service.py, attempting restart...
Supervisor: Started thinking_service.py with PID 16361
Supervisor: Detected crash for heartbeat_agent.py, attempting restart...
Supervisor: Started heartbeat_agent.py with PID 16363
Supervisor: Detected crash for visualization_server.py, attempting restart...
Supervisor: Started visualization_server.py with PID 16367
Supervisor: Detected crash for fsevents_listener.py, attempting restart...
Supervisor: Started fsevents_listener.py with PID 16522
Supervisor: Detected crash for thinking_service.py, attempting restart...
Supervisor: Started thinking_service.py with PID 16525
Supervisor: Detected crash for heartbeat_agent.py, attempting restart...
Supervisor: Started heartbeat_agent.py with PID 16527
Supervisor: Detected crash for visualization_server.py, attempting restart...
Supervisor: Started visualization_server.py with PID 16531
Supervisor: Detected crash for fsevents_listener.py, attempting restart...
Supervisor: Started fsevents_listener.py with PID 16780
Supervisor: Detected crash for thinking_service.py, attempting restart...
Supervisor: Started thinking_service.py with PID 16783
Supervisor: Detected crash for heartbeat_agent.py, attempting restart...
Supervisor: Started heartbeat_agent.py with PID 16785
Supervisor: Detected crash for visualization_server.py, attempting restart...
Supervisor: Started visualization_server.py with PID 16789
Supervisor: Detected crash for fsevents_listener.py, attempting restart...
Supervisor: Started fsevents_listener.py with PID 16932
Supervisor: Detected crash for thinking_service.py, attempting restart...
Supervisor: Started thinking_service.py with PID 16935
Supervisor: Detected crash for heartbeat_agent.py, attempting restart...
Supervisor: Started heartbeat_agent.py with PID 16937
Supervisor: Detected crash for visualization_server.py, attempting restart...
Supervisor: Started visualization_server.py with PID 16941
Supervisor: Detected crash for fsevents_listener.py, attempting restart...
Supervisor: Started fsevents_listener.py with PID 17184
Supervisor: Detected crash for thinking_service.py, attempting restart...
Supervisor: Started thinking_service.py with PID 17187
Supervisor: Detected crash for heartbeat_agent.py, attempting restart...
Supervisor: Started heartbeat_agent.py with PID 17189
Supervisor: Detected crash for visualization_server.py, attempting restart...
Supervisor: Started visualization_server.py with PID 17193
Supervisor: Detected crash for fsevents_listener.py, attempting restart...
Supervisor: Started fsevents_listener.py with PID 17323
Supervisor: Detected crash for thinking_service.py, attempting restart...
Supervisor: Started thinking_service.py with PID 17326
Supervisor: Detected crash for heartbeat_agent.py, attempting restart...
Supervisor: Started heartbeat_agent.py with PID 17328
Supervisor: Detected crash for visualization_server.py, attempting restart...
Supervisor: Started visualization_server.py with PID 17332
Supervisor: Detected crash for fsevents_listener.py, attempting restart...
Supervisor: Started fsevents_listener.py with PID 17565
Supervisor: Detected crash for thinking_service.py, attempting restart...
Supervisor: Started thinking_service.py with PID 17568
Supervisor: Detected crash for heartbeat_agent.py, attempting restart...
Supervisor: Started heartbeat_agent.py with PID 17570
Supervisor: Detected crash for visualization_server.py, attempting restart...
Supervisor: Started visualization_server.py with PID 17574
Supervisor: Detected crash for fsevents_listener.py, attempting restart...
Supervisor: Started fsevents_listener.py with PID 17708
Supervisor: Detected crash for thinking_service.py, attempting restart...
Supervisor: Started thinking_service.py with PID 17711
Supervisor: Detected crash for heartbeat_agent.py, attempting restart...
Supervisor: Started heartbeat_agent.py with PID 17713
Supervisor: Detected crash for visualization_server.py, attempting restart...
Supervisor: Started visualization_server.py with PID 17717
Supervisor: Detected crash for fsevents_listener.py, attempting restart...
Supervisor: Started fsevents_listener.py with PID 17947
Supervisor: Detected crash for thinking_service.py, attempting restart...
Supervisor: Started thinking_service.py with PID 17950
Supervisor: Detected crash for heartbeat_agent.py, attempting restart...
Supervisor: Started heartbeat_agent.py with PID 17952
Supervisor: Detected crash for visualization_server.py, attempting restart...
Supervisor: Started visualization_server.py with PID 17961
Supervisor: Detected crash for fsevents_listener.py, attempting restart...
Supervisor: Started fsevents_listener.py with PID 18093
Supervisor: Detected crash for thinking_service.py, attempting restart...
Supervisor: Started thinking_service.py with PID 18096
Supervisor: Detected crash for heartbeat_agent.py, attempting restart...
Supervisor: Started heartbeat_agent.py with PID 18098
Supervisor: Detected crash for visualization_server.py, attempting restart...
Supervisor: Started visualization_server.py with PID 18102
Supervisor: Detected crash for fsevents_listener.py, attempting restart...
Supervisor: Started fsevents_listener.py with PID 18226
Supervisor: Detected crash for thinking_service.py, attempting restart...
Supervisor: Started thinking_service.py with PID 18229
Supervisor: Detected crash for heartbeat_agent.py, attempting restart...
Supervisor: Started heartbeat_agent.py with PID 18231
Supervisor: Detected crash for visualization_server.py, attempting restart...
Supervisor: Started visualization_server.py with PID 18239
Supervisor: Detected crash for fsevents_listener.py, attempting restart...
Supervisor: Started fsevents_listener.py with PID 18470
Supervisor: Detected crash for thinking_service.py, attempting restart...
Supervisor: Started thinking_service.py with PID 18473
Supervisor: Detected crash for heartbeat_agent.py, attempting restart...
Supervisor: Started heartbeat_agent.py with PID 18475
Supervisor: Detected crash for visualization_server.py, attempting restart...
Supervisor: Started visualization_server.py with PID 18479
Supervisor: Started phoenix_loop.sh
Supervisor: Detected crash for fsevents_listener.py, attempting restart...
Supervisor: Started fsevents_listener.py with PID 18620
Supervisor: Detected crash for thinking_service.py, attempting restart...
Supervisor: Started thinking_service.py with PID 18623
Supervisor: Detected crash for heartbeat_agent.py, attempting restart...
Supervisor: Started heartbeat_agent.py with PID 18625
Supervisor: Detected crash for visualization_server.py, attempting restart...
Supervisor: Started visualization_server.py with PID 18629
Supervisor: Detected crash for phoenix_loop.sh, attempting restart...
Supervisor: Detected crash for fsevents_listener.py, attempting restart...
Supervisor: Started fsevents_listener.py with PID 18647
Supervisor: Detected crash for thinking_service.py, attempting restart...
Supervisor: Started thinking_service.py with PID 18652
Supervisor: Detected crash for visualization_server.py, attempting restart...
Supervisor: Started visualization_server.py with PID 18696
Supervisor: Detected crash for fsevents_listener.py, attempting restart...
Supervisor: Started fsevents_listener.py with PID 18896
Supervisor: Detected crash for thinking_service.py, attempting restart...
Supervisor: Started thinking_service.py with PID 18899
Supervisor: Detected crash for heartbeat_agent.py, attempting restart...
Supervisor: Started heartbeat_agent.py with PID 18901
Supervisor: Detected crash for visualization_server.py, attempting restart...
Supervisor: Started visualization_server.py with PID 18905
Supervisor: Detected crash for fsevents_listener.py, attempting restart...
Supervisor: Started fsevents_listener.py with PID 19037
Supervisor: Detected crash for thinking_service.py, attempting restart...
Supervisor: Started thinking_service.py with PID 19040
Supervisor: Detected crash for heartbeat_agent.py, attempting restart...
Supervisor: Started heartbeat_agent.py with PID 19042
Supervisor: Detected crash for visualization_server.py, attempting restart...
Supervisor: Started visualization_server.py with PID 19047
Supervisor: Detected crash for fsevents_listener.py, attempting restart...
Supervisor: Started fsevents_listener.py with PID 19271
Supervisor: Detected crash for thinking_service.py, attempting restart...
Supervisor: Started thinking_service.py with PID 19274
Supervisor: Detected crash for heartbeat_agent.py, attempting restart...
Supervisor: Started heartbeat_agent.py with PID 19276
Supervisor: Detected crash for visualization_server.py, attempting restart...
Supervisor: Started visualization_server.py with PID 19280
Supervisor: Detected crash for fsevents_listener.py, attempting restart...
Supervisor: Started fsevents_listener.py with PID 19406
Supervisor: Detected crash for thinking_service.py, attempting restart...
Supervisor: Started thinking_service.py with PID 19409
Supervisor: Detected crash for heartbeat_agent.py, attempting restart...
Supervisor: Started heartbeat_agent.py with PID 19411
Supervisor: Detected crash for visualization_server.py, attempting restart...
Supervisor: Started visualization_server.py with PID 19415
Supervisor: Detected crash for fsevents_listener.py, attempting restart...
Supervisor: Started fsevents_listener.py with PID 19643
Supervisor: Detected crash for thinking_service.py, attempting restart...
Supervisor: Started thinking_service.py with PID 19646
Supervisor: Detected crash for heartbeat_agent.py, attempting restart...
Supervisor: Started heartbeat_agent.py with PID 19648
Supervisor: Detected crash for visualization_server.py, attempting restart...
Supervisor: Started visualization_server.py with PID 19652
Supervisor: Detected crash for fsevents_listener.py, attempting restart...
Supervisor: Started fsevents_listener.py with PID 19787
Supervisor: Detected crash for thinking_service.py, attempting restart...
Supervisor: Started thinking_service.py with PID 19790
Supervisor: Detected crash for heartbeat_agent.py, attempting restart...
Supervisor: Started heartbeat_agent.py with PID 19792
Supervisor: Detected crash for visualization_server.py, attempting restart...
Supervisor: Started visualization_server.py with PID 19796
Supervisor: Detected crash for fsevents_listener.py, attempting restart...
Supervisor: Started fsevents_listener.py with PID 20021
Supervisor: Detected crash for thinking_service.py, attempting restart...
Supervisor: Started thinking_service.py with PID 20024
Supervisor: Detected crash for heartbeat_agent.py, attempting restart...
Supervisor: Started heartbeat_agent.py with PID 20026
Supervisor: Detected crash for visualization_server.py, attempting restart...
Supervisor: Started visualization_server.py with PID 20031
Supervisor: Detected crash for fsevents_listener.py, attempting restart...
Supervisor: Started fsevents_listener.py with PID 20156
Supervisor: Detected crash for thinking_service.py, attempting restart...
Supervisor: Started thinking_service.py with PID 20159
Supervisor: Detected crash for heartbeat_agent.py, attempting restart...
Supervisor: Started heartbeat_agent.py with PID 20161
Supervisor: Detected crash for visualization_server.py, attempting restart...
Supervisor: Started visualization_server.py with PID 20165
Supervisor: Detected crash for fsevents_listener.py, attempting restart...
Supervisor: Started fsevents_listener.py with PID 20392
Supervisor: Detected crash for thinking_service.py, attempting restart...
Supervisor: Started thinking_service.py with PID 20395
Supervisor: Detected crash for heartbeat_agent.py, attempting restart...
Supervisor: Started heartbeat_agent.py with PID 20397
Supervisor: Detected crash for visualization_server.py, attempting restart...
Supervisor: Started visualization_server.py with PID 20401
Supervisor: Detected crash for fsevents_listener.py, attempting restart...
Supervisor: Started fsevents_listener.py with PID 20528
Supervisor: Detected crash for thinking_service.py, attempting restart...
Supervisor: Started thinking_service.py with PID 20531
Supervisor: Detected crash for heartbeat_agent.py, attempting restart...
Supervisor: Started heartbeat_agent.py with PID 20533
Supervisor: Detected crash for visualization_server.py, attempting restart...
Supervisor: Started visualization_server.py with PID 20537
Supervisor: Detected crash for fsevents_listener.py, attempting restart...
Supervisor: Started fsevents_listener.py with PID 20705
Supervisor: Detected crash for thinking_service.py, attempting restart...
Supervisor: Started thinking_service.py with PID 20741
Supervisor: Detected crash for heartbeat_agent.py, attempting restart...
Supervisor: Started heartbeat_agent.py with PID 20749
Supervisor: Detected crash for visualization_server.py, attempting restart...
Supervisor: Started visualization_server.py with PID 20778
Supervisor: Detected crash for fsevents_listener.py, attempting restart...
Supervisor: Started fsevents_listener.py with PID 20907
Supervisor: Detected crash for thinking_service.py, attempting restart...
Supervisor: Started thinking_service.py with PID 20910
Supervisor: Detected crash for heartbeat_agent.py, attempting restart...
Supervisor: Started heartbeat_agent.py with PID 20912
Supervisor: Detected crash for visualization_server.py, attempting restart...
Supervisor: Started visualization_server.py with PID 20916
Supervisor: Detected crash for fsevents_listener.py, attempting restart...
Supervisor: Started fsevents_listener.py with PID 21038
Supervisor: Detected crash for thinking_service.py, attempting restart...
Supervisor: Started thinking_service.py with PID 21041
Supervisor: Detected crash for heartbeat_agent.py, attempting restart...
Supervisor: Started heartbeat_agent.py with PID 21043
Supervisor: Detected crash for visualization_server.py, attempting restart...
Supervisor: Started visualization_server.py with PID 21047
Supervisor: Started phoenix_loop.sh
Supervisor: Detected crash for fsevents_listener.py, attempting restart...
Supervisor: Started fsevents_listener.py with PID 21283
Supervisor: Detected crash for thinking_service.py, attempting restart...
Supervisor: Started thinking_service.py with PID 21286
Supervisor: Detected crash for heartbeat_agent.py, attempting restart...
Supervisor: Started heartbeat_agent.py with PID 21288
Supervisor: Detected crash for visualization_server.py, attempting restart...
Supervisor: Started visualization_server.py with PID 21292
Supervisor: Detected crash for phoenix_loop.sh, attempting restart...
Supervisor: Detected crash for fsevents_listener.py, attempting restart...
Supervisor: Started fsevents_listener.py with PID 21434
Supervisor: Detected crash for thinking_service.py, attempting restart...
Supervisor: Started thinking_service.py with PID 21437
Supervisor: Detected crash for heartbeat_agent.py, attempting restart...
Supervisor: Started heartbeat_agent.py with PID 21439
Supervisor: Detected crash for visualization_server.py, attempting restart...
Supervisor: Started visualization_server.py with PID 21443
Supervisor: Detected crash for fsevents_listener.py, attempting restart...
Supervisor: Started fsevents_listener.py with PID 21683
Supervisor: Detected crash for thinking_service.py, attempting restart...
Supervisor: Started thinking_service.py with PID 21686
Supervisor: Detected crash for heartbeat_agent.py, attempting restart...
Supervisor: Started heartbeat_agent.py with PID 21688
Supervisor: Detected crash for visualization_server.py, attempting restart...
Supervisor: Started visualization_server.py with PID 21692
Supervisor: Detected crash for fsevents_listener.py, attempting restart...
Supervisor: Started fsevents_listener.py with PID 21815
Supervisor: Detected crash for thinking_service.py, attempting restart...
Supervisor: Started thinking_service.py with PID 21818
Supervisor: Detected crash for heartbeat_agent.py, attempting restart...
Supervisor: Started heartbeat_agent.py with PID 21820
Supervisor: Detected crash for visualization_server.py, attempting restart...
Supervisor: Started visualization_server.py with PID 21824
Supervisor: Detected crash for fsevents_listener.py, attempting restart...
Supervisor: Started fsevents_listener.py with PID 22052
Supervisor: Detected crash for thinking_service.py, attempting restart...
Supervisor: Started thinking_service.py with PID 22055
Supervisor: Detected crash for heartbeat_agent.py, attempting restart...
Supervisor: Started heartbeat_agent.py with PID 22057
Supervisor: Detected crash for visualization_server.py, attempting restart...
Supervisor: Started visualization_server.py with PID 22061
Supervisor: Detected crash for fsevents_listener.py, attempting restart...
Supervisor: Started fsevents_listener.py with PID 22185
Supervisor: Detected crash for thinking_service.py, attempting restart...
Supervisor: Started thinking_service.py with PID 22188
Supervisor: Detected crash for heartbeat_agent.py, attempting restart...
Supervisor: Started heartbeat_agent.py with PID 22190
Supervisor: Detected crash for visualization_server.py, attempting restart...
Supervisor: Started visualization_server.py with PID 22194
Supervisor: Detected crash for fsevents_listener.py, attempting restart...
Supervisor: Started fsevents_listener.py with PID 22389
Supervisor: Detected crash for thinking_service.py, attempting restart...
Supervisor: Started thinking_service.py with PID 22428
Supervisor: Detected crash for heartbeat_agent.py, attempting restart...
Supervisor: Started heartbeat_agent.py with PID 22431
Supervisor: Detected crash for visualization_server.py, attempting restart...
Supervisor: Started visualization_server.py with PID 22435
Supervisor: Detected crash for fsevents_listener.py, attempting restart...
Supervisor: Started fsevents_listener.py with PID 22563
Supervisor: Detected crash for thinking_service.py, attempting restart...
Supervisor: Started thinking_service.py with PID 22566
Supervisor: Detected crash for heartbeat_agent.py, attempting restart...
Supervisor: Started heartbeat_agent.py with PID 22568
Supervisor: Detected crash for visualization_server.py, attempting restart...
Supervisor: Started visualization_server.py with PID 22572
Supervisor: Detected crash for fsevents_listener.py, attempting restart...
Supervisor: Started fsevents_listener.py with PID 22695
Supervisor: Detected crash for thinking_service.py, attempting restart...
Supervisor: Started thinking_service.py with PID 22698
Supervisor: Detected crash for heartbeat_agent.py, attempting restart...
Supervisor: Started heartbeat_agent.py with PID 22700
Supervisor: Detected crash for visualization_server.py, attempting restart...
Supervisor: Started visualization_server.py with PID 22704
Supervisor: Detected crash for fsevents_listener.py, attempting restart...
Supervisor: Started fsevents_listener.py with PID 22940
Supervisor: Detected crash for thinking_service.py, attempting restart...
Supervisor: Started thinking_service.py with PID 22943
Supervisor: Detected crash for heartbeat_agent.py, attempting restart...
Supervisor: Started heartbeat_agent.py with PID 22945
Supervisor: Detected crash for visualization_server.py, attempting restart...
Supervisor: Started visualization_server.py with PID 22949
Supervisor: Detected crash for fsevents_listener.py, attempting restart...
Supervisor: Started fsevents_listener.py with PID 23074
Supervisor: Detected crash for thinking_service.py, attempting restart...
Supervisor: Started thinking_service.py with PID 23077
Supervisor: Detected crash for heartbeat_agent.py, attempting restart...
Supervisor: Started heartbeat_agent.py with PID 23079
Supervisor: Detected crash for visualization_server.py, attempting restart...
Supervisor: Started visualization_server.py with PID 23083
Supervisor: Detected crash for fsevents_listener.py, attempting restart...
Supervisor: Started fsevents_listener.py with PID 23326
Supervisor: Detected crash for thinking_service.py, attempting restart...
Supervisor: Started thinking_service.py with PID 23329
Supervisor: Detected crash for heartbeat_agent.py, attempting restart...
Supervisor: Started heartbeat_agent.py with PID 23331
Supervisor: Detected crash for visualization_server.py, attempting restart...
Supervisor: Started visualization_server.py with PID 23337
Supervisor: Detected crash for fsevents_listener.py, attempting restart...
Supervisor: Started fsevents_listener.py with PID 23461
Supervisor: Detected crash for thinking_service.py, attempting restart...
Supervisor: Started thinking_service.py with PID 23464
Supervisor: Detected crash for heartbeat_agent.py, attempting restart...
Supervisor: Started heartbeat_agent.py with PID 23466
Supervisor: Detected crash for visualization_server.py, attempting restart...
Supervisor: Started visualization_server.py with PID 23470
Supervisor: Detected crash for fsevents_listener.py, attempting restart...
Supervisor: Started fsevents_listener.py with PID 23707
Supervisor: Detected crash for thinking_service.py, attempting restart...
Supervisor: Started thinking_service.py with PID 23710
Supervisor: Detected crash for heartbeat_agent.py, attempting restart...
Supervisor: Started heartbeat_agent.py with PID 23712
Supervisor: Detected crash for visualization_server.py, attempting restart...
Supervisor: Started visualization_server.py with PID 23716
Supervisor: Detected crash for fsevents_listener.py, attempting restart...
Supervisor: Started fsevents_listener.py with PID 23843
Supervisor: Detected crash for thinking_service.py, attempting restart...
Supervisor: Started thinking_service.py with PID 23846
Supervisor: Detected crash for heartbeat_agent.py, attempting restart...
Supervisor: Started heartbeat_agent.py with PID 23848
Supervisor: Detected crash for visualization_server.py, attempting restart...
Supervisor: Started visualization_server.py with PID 23854
Supervisor: Started phoenix_loop.sh
Supervisor: Detected crash for fsevents_listener.py, attempting restart...
Supervisor: Started fsevents_listener.py with PID 24100
Supervisor: Detected crash for thinking_service.py, attempting restart...
Supervisor: Started thinking_service.py with PID 24103
Supervisor: Detected crash for heartbeat_agent.py, attempting restart...
Supervisor: Started heartbeat_agent.py with PID 24105
Supervisor: Detected crash for visualization_server.py, attempting restart...
Supervisor: Started visualization_server.py with PID 24109
Supervisor: Detected crash for phoenix_loop.sh, attempting restart...
Supervisor: Detected crash for fsevents_listener.py, attempting restart...
Supervisor: Started fsevents_listener.py with PID 24129
Supervisor: Detected crash for thinking_service.py, attempting restart...
Supervisor: Started thinking_service.py with PID 24132
Supervisor: Detected crash for visualization_server.py, attempting restart...
Supervisor: Started visualization_server.py with PID 24137
Supervisor: Detected crash for fsevents_listener.py, attempting restart...
Supervisor: Started fsevents_listener.py with PID 24288
Supervisor: Detected crash for thinking_service.py, attempting restart...
Supervisor: Started thinking_service.py with PID 24291
Supervisor: Detected crash for heartbeat_agent.py, attempting restart...
Supervisor: Started heartbeat_agent.py with PID 24293
Supervisor: Detected crash for visualization_server.py, attempting restart...
Supervisor: Started visualization_server.py with PID 24297
Supervisor: Detected crash for fsevents_listener.py, attempting restart...
Supervisor: Started fsevents_listener.py with PID 24540
Supervisor: Detected crash for thinking_service.py, attempting restart...
Supervisor: Started thinking_service.py with PID 24545
Supervisor: Detected crash for heartbeat_agent.py, attempting restart...
Supervisor: Started heartbeat_agent.py with PID 24547
Supervisor: Detected crash for visualization_server.py, attempting restart...
Supervisor: Started visualization_server.py with PID 24551
Traceback (most recent call last):
  File "/Users/jonathanhill/src/redis-ai-challenge/supervisor_agent.py", line 105, in <module>
    main()
    ~~~~^^
  File "/Users/jonathanhill/src/redis-ai-challenge/supervisor_agent.py", line 95, in main
    subprocess.run(["nohup", "bash", phoenix_path, "&"], check=True, cwd=SCRIPT_DIR, stdout=subprocess.DEVNULL, stderr=subprocess.DEVNULL)
    ~~~~~~~~~~~~~~^^^^^^^^^^^^^^^^^^^^^^^^^^^^^^^^^^^^^^^^^^^^^^^^^^^^^^^^^^^^^^^^^^^^^^^^^^^^^^^^^^^^^^^^^^^^^^^^^^^^^^^^^^^^^^^^^^^^^^^^
  File "/opt/homebrew/Cellar/python@3.14/3.14.2/Frameworks/Python.framework/Versions/3.14/lib/python3.14/subprocess.py", line 577, in run
    raise CalledProcessError(retcode, process.args,
                             output=stdout, stderr=stderr)
subprocess.CalledProcessError: Command '['nohup', 'bash', '/Users/jonathanhill/src/redis-ai-challenge/phoenix_loop.sh', '&']' died with <Signals.SIGTERM: 15>.
Supervisor: Detected crash for fsevents_listener.py, attempting restart...
Supervisor: Started fsevents_listener.py with PID 24695
Supervisor: Detected crash for thinking_service.py, attempting restart...
Supervisor: Started thinking_service.py with PID 24698
Supervisor: Detected crash for heartbeat_agent.py, attempting restart...
Supervisor: Started heartbeat_agent.py with PID 24700
Supervisor: Detected crash for visualization_server.py, attempting restart...
Supervisor: Started visualization_server.py with PID 24704
Supervisor: Detected crash for phoenix_loop.sh, attempting restart...
Supervisor: Started phoenix_loop.sh
Supervisor: Detected crash for fsevents_listener.py, attempting restart...
Supervisor: Started fsevents_listener.py with PID 27342
Supervisor: Detected crash for thinking_service.py, attempting restart...
Supervisor: Started thinking_service.py with PID 27345
Supervisor: Detected crash for heartbeat_agent.py, attempting restart...
Supervisor: Started heartbeat_agent.py with PID 27347
Supervisor: Detected crash for visualization_server.py, attempting restart...
Supervisor: Started visualization_server.py with PID 27351
Supervisor: Detected crash for phoenix_loop.sh, attempting restart...
Supervisor: Started phoenix_loop.sh
Supervisor: Detected crash for fsevents_listener.py, attempting restart...
Supervisor: Started fsevents_listener.py with PID 30152
Supervisor: Detected crash for thinking_service.py, attempting restart...
Supervisor: Started thinking_service.py with PID 30155
Supervisor: Detected crash for visualization_server.py, attempting restart...
Supervisor: Started visualization_server.py with PID 30160
Supervisor: Detected crash for fsevents_listener.py, attempting restart...
Supervisor: Started fsevents_listener.py with PID 30410
Supervisor: Detected crash for thinking_service.py, attempting restart...
Supervisor: Started thinking_service.py with PID 30413
Supervisor: Detected crash for visualization_server.py, attempting restart...
Supervisor: Started visualization_server.py with PID 30418
Supervisor: Detected crash for fsevents_listener.py, attempting restart...
Supervisor: Started fsevents_listener.py with PID 30552
Supervisor: Detected crash for thinking_service.py, attempting restart...
Supervisor: Started thinking_service.py with PID 30555
Supervisor: Detected crash for heartbeat_agent.py, attempting restart...
Supervisor: Started heartbeat_agent.py with PID 30557
Supervisor: Detected crash for visualization_server.py, attempting restart...
Supervisor: Started visualization_server.py with PID 30561
Supervisor: Detected crash for fsevents_listener.py, attempting restart...
Supervisor: Started fsevents_listener.py with PID 30689
Supervisor: Detected crash for thinking_service.py, attempting restart...
Supervisor: Started thinking_service.py with PID 30692
Supervisor: Detected crash for heartbeat_agent.py, attempting restart...
Supervisor: Started heartbeat_agent.py with PID 30694
Supervisor: Detected crash for visualization_server.py, attempting restart...
Supervisor: Started visualization_server.py with PID 30698
Supervisor: Detected crash for fsevents_listener.py, attempting restart...
Supervisor: Started fsevents_listener.py with PID 30937
Supervisor: Detected crash for thinking_service.py, attempting restart...
Supervisor: Started thinking_service.py with PID 30940
Supervisor: Detected crash for visualization_server.py, attempting restart...
Supervisor: Started visualization_server.py with PID 30945
Supervisor: Detected crash for fsevents_listener.py, attempting restart...
Supervisor: Started fsevents_listener.py with PID 31079
Supervisor: Detected crash for thinking_service.py, attempting restart...
Supervisor: Started thinking_service.py with PID 31082
Supervisor: Detected crash for visualization_server.py, attempting restart...
Supervisor: Started visualization_server.py with PID 31087
Supervisor: Detected crash for fsevents_listener.py, attempting restart...
Supervisor: Started fsevents_listener.py with PID 31331
Supervisor: Detected crash for thinking_service.py, attempting restart...
Supervisor: Started thinking_service.py with PID 31334
Supervisor: Detected crash for heartbeat_agent.py, attempting restart...
Supervisor: Started heartbeat_agent.py with PID 31336
Supervisor: Detected crash for visualization_server.py, attempting restart...
Supervisor: Started visualization_server.py with PID 31340
Supervisor: Detected crash for fsevents_listener.py, attempting restart...
Supervisor: Started fsevents_listener.py with PID 31470
Supervisor: Detected crash for thinking_service.py, attempting restart...
Supervisor: Started thinking_service.py with PID 31473
Supervisor: Detected crash for heartbeat_agent.py, attempting restart...
Supervisor: Started heartbeat_agent.py with PID 31475
Supervisor: Detected crash for visualization_server.py, attempting restart...
Supervisor: Started visualization_server.py with PID 31479
Supervisor: Detected crash for fsevents_listener.py, attempting restart...
Supervisor: Started fsevents_listener.py with PID 31714
Supervisor: Detected crash for thinking_service.py, attempting restart...
Supervisor: Started thinking_service.py with PID 31717
Supervisor: Detected crash for visualization_server.py, attempting restart...
Supervisor: Started visualization_server.py with PID 31722
Supervisor: Detected crash for fsevents_listener.py, attempting restart...
Supervisor: Started fsevents_listener.py with PID 31852
Supervisor: Detected crash for thinking_service.py, attempting restart...
Supervisor: Started thinking_service.py with PID 31856
Supervisor: Detected crash for visualization_server.py, attempting restart...
Supervisor: Started visualization_server.py with PID 31861
Supervisor: Detected crash for fsevents_listener.py, attempting restart...
Supervisor: Started fsevents_listener.py with PID 32106
Supervisor: Detected crash for thinking_service.py, attempting restart...
Supervisor: Started thinking_service.py with PID 32110
Supervisor: Detected crash for heartbeat_agent.py, attempting restart...
Supervisor: Started heartbeat_agent.py with PID 32112
Supervisor: Detected crash for visualization_server.py, attempting restart...
Supervisor: Started visualization_server.py with PID 32116
Supervisor: Detected crash for fsevents_listener.py, attempting restart...
Supervisor: Started fsevents_listener.py with PID 32245
Supervisor: Detected crash for thinking_service.py, attempting restart...
Supervisor: Started thinking_service.py with PID 32248
Supervisor: Detected crash for heartbeat_agent.py, attempting restart...
Supervisor: Started heartbeat_agent.py with PID 32250
Supervisor: Detected crash for visualization_server.py, attempting restart...
Supervisor: Started visualization_server.py with PID 32254
Supervisor: Detected crash for fsevents_listener.py, attempting restart...
Supervisor: Started fsevents_listener.py with PID 32378
Supervisor: Detected crash for thinking_service.py, attempting restart...
Supervisor: Started thinking_service.py with PID 32383
Supervisor: Detected crash for visualization_server.py, attempting restart...
Supervisor: Started visualization_server.py with PID 32406
Supervisor: Detected crash for fsevents_listener.py, attempting restart...
Supervisor: Started fsevents_listener.py with PID 32624
Supervisor: Detected crash for thinking_service.py, attempting restart...
Supervisor: Started thinking_service.py with PID 32627
Supervisor: Detected crash for visualization_server.py, attempting restart...
Supervisor: Started visualization_server.py with PID 32632
Supervisor: Detected crash for fsevents_listener.py, attempting restart...
Supervisor: Started fsevents_listener.py with PID 32767
Supervisor: Detected crash for thinking_service.py, attempting restart...
Supervisor: Started thinking_service.py with PID 32770
Supervisor: Detected crash for heartbeat_agent.py, attempting restart...
Supervisor: Started heartbeat_agent.py with PID 32772
Supervisor: Detected crash for visualization_server.py, attempting restart...
Supervisor: Started visualization_server.py with PID 32776
Supervisor: Detected crash for phoenix_loop.sh, attempting restart...
Supervisor: Started phoenix_loop.sh
Supervisor: Detected crash for fsevents_listener.py, attempting restart...
Supervisor: Started fsevents_listener.py with PID 35694
Supervisor: Detected crash for thinking_service.py, attempting restart...
Supervisor: Started thinking_service.py with PID 35698
Supervisor: Detected crash for visualization_server.py, attempting restart...
Supervisor: Started visualization_server.py with PID 35703
Supervisor: Detected crash for fsevents_listener.py, attempting restart...
Supervisor: Started fsevents_listener.py with PID 35948
Supervisor: Detected crash for thinking_service.py, attempting restart...
Supervisor: Started thinking_service.py with PID 35951
Supervisor: Detected crash for heartbeat_agent.py, attempting restart...
Supervisor: Started heartbeat_agent.py with PID 35953
Supervisor: Detected crash for visualization_server.py, attempting restart...
Supervisor: Started visualization_server.py with PID 35957
Supervisor: Detected crash for fsevents_listener.py, attempting restart...
Supervisor: Started fsevents_listener.py with PID 36094
Supervisor: Detected crash for thinking_service.py, attempting restart...
Supervisor: Started thinking_service.py with PID 36097
Supervisor: Detected crash for heartbeat_agent.py, attempting restart...
Supervisor: Started heartbeat_agent.py with PID 36099
Supervisor: Detected crash for visualization_server.py, attempting restart...
Supervisor: Started visualization_server.py with PID 36103
Supervisor: Detected crash for fsevents_listener.py, attempting restart...
Supervisor: Started fsevents_listener.py with PID 36334
Supervisor: Detected crash for thinking_service.py, attempting restart...
Supervisor: Started thinking_service.py with PID 36337
Supervisor: Detected crash for visualization_server.py, attempting restart...
Supervisor: Started visualization_server.py with PID 36342
Supervisor: Detected crash for visualization_server.py, attempting restart...
Supervisor: Started visualization_server.py with PID 36488
Supervisor: Detected crash for fsevents_listener.py, attempting restart...
Supervisor: Started fsevents_listener.py with PID 36729
Supervisor: Detected crash for thinking_service.py, attempting restart...
Supervisor: Started thinking_service.py with PID 36732
Supervisor: Detected crash for heartbeat_agent.py, attempting restart...
Supervisor: Started heartbeat_agent.py with PID 36734
Supervisor: Detected crash for visualization_server.py, attempting restart...
Supervisor: Started visualization_server.py with PID 36738
Supervisor: Detected crash for thinking_service.py, attempting restart...
Supervisor: Started thinking_service.py with PID 36884
Supervisor: Detected crash for heartbeat_agent.py, attempting restart...
Supervisor: Started heartbeat_agent.py with PID 36886
Supervisor: Detected crash for visualization_server.py, attempting restart...
Supervisor: Started visualization_server.py with PID 36890
Supervisor: Detected crash for fsevents_listener.py, attempting restart...
Supervisor: Started fsevents_listener.py with PID 37028
Supervisor: Detected crash for thinking_service.py, attempting restart...
Supervisor: Started thinking_service.py with PID 37038
Supervisor: Detected crash for visualization_server.py, attempting restart...
Supervisor: Started visualization_server.py with PID 37109
Supervisor: Detected crash for phoenix_loop.sh, attempting restart...
Supervisor: Started phoenix_loop.sh
Supervisor: Detected crash for phoenix_loop.sh, attempting restart...
Supervisor: Started phoenix_loop.sh
Supervisor: Detected crash for fsevents_listener.py, attempting restart...
Supervisor: Started fsevents_listener.py with PID 43403
Supervisor: Detected crash for thinking_service.py, attempting restart...
Supervisor: Started thinking_service.py with PID 43406
Supervisor: Detected crash for heartbeat_agent.py, attempting restart...
Supervisor: Started heartbeat_agent.py with PID 43408
Supervisor: Detected crash for visualization_server.py, attempting restart...
Supervisor: Started visualization_server.py with PID 43412
Supervisor: Detected crash for phoenix_loop.sh, attempting restart...
Supervisor: Started phoenix_loop.sh
Supervisor: Detected crash for fsevents_listener.py, attempting restart...
Supervisor: Started fsevents_listener.py with PID 46049
Supervisor: Detected crash for thinking_service.py, attempting restart...
Supervisor: Started thinking_service.py with PID 46052
Supervisor: Detected crash for heartbeat_agent.py, attempting restart...
Supervisor: Started heartbeat_agent.py with PID 46054
Supervisor: Detected crash for visualization_server.py, attempting restart...
Supervisor: Started visualization_server.py with PID 46058
Supervisor: Detected crash for phoenix_loop.sh, attempting restart...
Traceback (most recent call last):
  File "/Users/jonathanhill/src/redis-ai-challenge/supervisor_agent.py", line 105, in <module>
  File "/Users/jonathanhill/src/redis-ai-challenge/supervisor_agent.py", line 95, in main
    # For now, we'll keep the direct check until Maestro is fully integrated and tested
  File "/opt/homebrew/Cellar/python@3.14/3.14.2/Frameworks/Python.framework/Versions/3.14/lib/python3.14/subprocess.py", line 577, in run
    raise CalledProcessError(retcode, process.args,
                             output=stdout, stderr=stderr)
subprocess.CalledProcessError: Command '['nohup', 'bash', '/Users/jonathanhill/src/redis-ai-challenge/phoenix_loop.sh', '&']' died with <Signals.SIGTERM: 15>.
