52735:C 09 Aug 2025 15:31:45.715 * oO0OoO0OoO0Oo Redis is starting oO0OoO0OoO0Oo
52735:C 09 Aug 2025 15:31:45.715 * Redis version=8.0.3, bits=64, commit=00000000, modified=1, pid=52735, just started
52735:C 09 Aug 2025 15:31:45.716 * Configuration loaded
52735:M 09 Aug 2025 15:31:45.717 * monotonic clock: POSIX clock_gettime
52735:M 09 Aug 2025 15:31:45.718 * Running mode=standalone, port=6380.
52735:M 09 Aug 2025 15:31:45.719 # WARNING: The TCP backlog setting of 511 cannot be enforced because kern.ipc.somaxconn is set to the lower value of 128.
52735:M 09 Aug 2025 15:31:45.719 * Server initialized
52735:M 09 Aug 2025 15:31:45.720 * Ready to accept connections tcp
52735:M 09 Aug 2025 16:52:35.491 * 1 changes in 3600 seconds. Saving...
52735:M 09 Aug 2025 16:52:35.492 * Background saving started by pid 79085
79085:C 09 Aug 2025 16:52:35.500 * DB saved on disk
79085:C 09 Aug 2025 16:52:35.501 * Fork CoW for RDB: current 0 MB, peak 0 MB, average 0 MB
52735:M 09 Aug 2025 16:52:35.593 * Background saving terminated with success
52735:M 09 Aug 2025 18:29:42.492 * 1 changes in 3600 seconds. Saving...
52735:M 09 Aug 2025 18:29:42.493 * Background saving started by pid 28121
28121:C 09 Aug 2025 18:29:42.502 * DB saved on disk
28121:C 09 Aug 2025 18:29:42.503 * Fork CoW for RDB: current 0 MB, peak 0 MB, average 0 MB
52735:M 09 Aug 2025 18:29:42.606 * Background saving terminated with success
52735:M 09 Aug 2025 19:29:43.044 * 1 changes in 3600 seconds. Saving...
52735:M 09 Aug 2025 19:29:43.046 * Background saving started by pid 33871
33871:C 09 Aug 2025 19:29:43.053 * DB saved on disk
33871:C 09 Aug 2025 19:29:43.054 * Fork CoW for RDB: current 0 MB, peak 0 MB, average 0 MB
52735:M 09 Aug 2025 19:29:43.149 * Background saving terminated with success
